Archive member included to satisfy reference by file (symbol)

c:/wch-riscv/toolchain-riscv/bin/../lib/gcc/riscv-none-embed/8.2.0/rv32imacxw/ilp32\libgcc.a(save-restore.o)
                              build/ch32v20x/src/ch32v20x_flash.o (__riscv_save_7)
c:/wch-riscv/toolchain-riscv/bin/../lib/gcc/riscv-none-embed/8.2.0/../../../../riscv-none-embed/lib/rv32imacxw/ilp32\libg_nano.a(lib_a-printf.o)
                              build/core/src/main.o (printf)
c:/wch-riscv/toolchain-riscv/bin/../lib/gcc/riscv-none-embed/8.2.0/../../../../riscv-none-embed/lib/rv32imacxw/ilp32\libg_nano.a(lib_a-puts.o)
                              build/core/src/main.o (puts)
c:/wch-riscv/toolchain-riscv/bin/../lib/gcc/riscv-none-embed/8.2.0/../../../../riscv-none-embed/lib/rv32imacxw/ilp32\libg_nano.a(lib_a-wbuf.o)
                              c:/wch-riscv/toolchain-riscv/bin/../lib/gcc/riscv-none-embed/8.2.0/../../../../riscv-none-embed/lib/rv32imacxw/ilp32\libg_nano.a(lib_a-puts.o) (__swbuf_r)
c:/wch-riscv/toolchain-riscv/bin/../lib/gcc/riscv-none-embed/8.2.0/../../../../riscv-none-embed/lib/rv32imacxw/ilp32\libg_nano.a(lib_a-wsetup.o)
                              c:/wch-riscv/toolchain-riscv/bin/../lib/gcc/riscv-none-embed/8.2.0/../../../../riscv-none-embed/lib/rv32imacxw/ilp32\libg_nano.a(lib_a-puts.o) (__swsetup_r)
c:/wch-riscv/toolchain-riscv/bin/../lib/gcc/riscv-none-embed/8.2.0/../../../../riscv-none-embed/lib/rv32imacxw/ilp32\libg_nano.a(lib_a-fflush.o)
                              c:/wch-riscv/toolchain-riscv/bin/../lib/gcc/riscv-none-embed/8.2.0/../../../../riscv-none-embed/lib/rv32imacxw/ilp32\libg_nano.a(lib_a-wbuf.o) (_fflush_r)
c:/wch-riscv/toolchain-riscv/bin/../lib/gcc/riscv-none-embed/8.2.0/../../../../riscv-none-embed/lib/rv32imacxw/ilp32\libg_nano.a(lib_a-findfp.o)
                              c:/wch-riscv/toolchain-riscv/bin/../lib/gcc/riscv-none-embed/8.2.0/../../../../riscv-none-embed/lib/rv32imacxw/ilp32\libg_nano.a(lib_a-printf.o) (__sinit)
c:/wch-riscv/toolchain-riscv/bin/../lib/gcc/riscv-none-embed/8.2.0/../../../../riscv-none-embed/lib/rv32imacxw/ilp32\libg_nano.a(lib_a-fwalk.o)
                              c:/wch-riscv/toolchain-riscv/bin/../lib/gcc/riscv-none-embed/8.2.0/../../../../riscv-none-embed/lib/rv32imacxw/ilp32\libg_nano.a(lib_a-findfp.o) (_fwalk)
c:/wch-riscv/toolchain-riscv/bin/../lib/gcc/riscv-none-embed/8.2.0/../../../../riscv-none-embed/lib/rv32imacxw/ilp32\libg_nano.a(lib_a-impure.o)
                              c:/wch-riscv/toolchain-riscv/bin/../lib/gcc/riscv-none-embed/8.2.0/../../../../riscv-none-embed/lib/rv32imacxw/ilp32\libg_nano.a(lib_a-fflush.o) (_global_impure_ptr)
c:/wch-riscv/toolchain-riscv/bin/../lib/gcc/riscv-none-embed/8.2.0/../../../../riscv-none-embed/lib/rv32imacxw/ilp32\libg_nano.a(lib_a-makebuf.o)
                              c:/wch-riscv/toolchain-riscv/bin/../lib/gcc/riscv-none-embed/8.2.0/../../../../riscv-none-embed/lib/rv32imacxw/ilp32\libg_nano.a(lib_a-wsetup.o) (__smakebuf_r)
c:/wch-riscv/toolchain-riscv/bin/../lib/gcc/riscv-none-embed/8.2.0/../../../../riscv-none-embed/lib/rv32imacxw/ilp32\libg_nano.a(lib_a-memset.o)
                              c:/wch-riscv/toolchain-riscv/bin/../lib/gcc/riscv-none-embed/8.2.0/../../../../riscv-none-embed/lib/rv32imacxw/ilp32\libg_nano.a(lib_a-findfp.o) (memset)
c:/wch-riscv/toolchain-riscv/bin/../lib/gcc/riscv-none-embed/8.2.0/../../../../riscv-none-embed/lib/rv32imacxw/ilp32\libg_nano.a(lib_a-nano-freer.o)
                              c:/wch-riscv/toolchain-riscv/bin/../lib/gcc/riscv-none-embed/8.2.0/../../../../riscv-none-embed/lib/rv32imacxw/ilp32\libg_nano.a(lib_a-wsetup.o) (_free_r)
c:/wch-riscv/toolchain-riscv/bin/../lib/gcc/riscv-none-embed/8.2.0/../../../../riscv-none-embed/lib/rv32imacxw/ilp32\libg_nano.a(lib_a-nano-mallocr.o)
                              c:/wch-riscv/toolchain-riscv/bin/../lib/gcc/riscv-none-embed/8.2.0/../../../../riscv-none-embed/lib/rv32imacxw/ilp32\libg_nano.a(lib_a-findfp.o) (_malloc_r)
c:/wch-riscv/toolchain-riscv/bin/../lib/gcc/riscv-none-embed/8.2.0/../../../../riscv-none-embed/lib/rv32imacxw/ilp32\libg_nano.a(lib_a-nano-vfprintf.o)
                              c:/wch-riscv/toolchain-riscv/bin/../lib/gcc/riscv-none-embed/8.2.0/../../../../riscv-none-embed/lib/rv32imacxw/ilp32\libg_nano.a(lib_a-printf.o) (_vfprintf_r)
c:/wch-riscv/toolchain-riscv/bin/../lib/gcc/riscv-none-embed/8.2.0/../../../../riscv-none-embed/lib/rv32imacxw/ilp32\libg_nano.a(lib_a-nano-vfprintf_i.o)
                              c:/wch-riscv/toolchain-riscv/bin/../lib/gcc/riscv-none-embed/8.2.0/../../../../riscv-none-embed/lib/rv32imacxw/ilp32\libg_nano.a(lib_a-nano-vfprintf.o) (_printf_i)
c:/wch-riscv/toolchain-riscv/bin/../lib/gcc/riscv-none-embed/8.2.0/../../../../riscv-none-embed/lib/rv32imacxw/ilp32\libg_nano.a(lib_a-sbrkr.o)
[...]
Memory Configuration

Name             Origin             Length             Attributes
FLASH            0x0000000000000000 0x0000000000010000 xr
RAM              0x0000000020000000 0x0000000000002800 xrw
*default*        0x0000000000000000 0xffffffffffffffff

Linker script and memory map

LOAD build/core/src/main.o
LOAD build/lib/src/ch32v20x_gpio.o
LOAD build/lib/src/ch32v20x_misc.o
LOAD build/lib/src/ch32v20x_rcc.o
LOAD build/lib/src/ch32v20x_usart.o
LOAD build/lib/src/core_riscv.o
LOAD build/lib/src/debug.o
LOAD build/lib/src/system_ch32v20x.o
LOAD build/ch32v20x/src/ch32v20x_adc.o
LOAD build/ch32v20x/src/ch32v20x_bkp.o
LOAD build/ch32v20x/src/ch32v20x_can.o
LOAD build/ch32v20x/src/ch32v20x_crc.o
LOAD build/ch32v20x/src/ch32v20x_dbgmcu.o
LOAD build/ch32v20x/src/ch32v20x_dma.o
LOAD build/ch32v20x/src/ch32v20x_exti.o
LOAD build/ch32v20x/src/ch32v20x_flash.o
LOAD build/ch32v20x/src/ch32v20x_i2c.o
LOAD build/ch32v20x/src/ch32v20x_iwdg.o
LOAD build/ch32v20x/src/ch32v20x_opa.o
LOAD build/ch32v20x/src/ch32v20x_pwr.o
LOAD build/ch32v20x/src/ch32v20x_rtc.o
LOAD build/ch32v20x/src/ch32v20x_spi.o
LOAD build/ch32v20x/src/ch32v20x_tim.o
LOAD build/ch32v20x/src/ch32v20x_wwdg.o
LOAD C:\Users\M\AppData\Local\Temp\cciLOSBI.o
LOAD c:/wch-riscv/toolchain-riscv/bin/../lib/gcc/riscv-none-embed/8.2.0/rv32imacxw/ilp32\libgcc.a
LOAD c:/wch-riscv/toolchain-riscv/bin/../lib/gcc/riscv-none-embed/8.2.0/../../../../riscv-none-embed/lib/rv32imacxw/ilp32\libg_nano.a
LOAD c:/wch-riscv/toolchain-riscv/bin/../lib/gcc/riscv-none-embed/8.2.0/../../../../riscv-none-embed/lib/rv32imacxw/ilp32\libc_nano.a
LOAD c:/wch-riscv/toolchain-riscv/bin/../lib/gcc/riscv-none-embed/8.2.0/rv32imacxw/ilp32\libgcc.a
START GROUP
LOAD c:/wch-riscv/toolchain-riscv/bin/../lib/gcc/riscv-none-embed/8.2.0/rv32imacxw/ilp32\libgcc.a
LOAD c:/wch-riscv/toolchain-riscv/bin/../lib/gcc/riscv-none-embed/8.2.0/../../../../riscv-none-embed/lib/rv32imacxw/ilp32\libc_nano.a
LOAD c:/wch-riscv/toolchain-riscv/bin/../lib/gcc/riscv-none-embed/8.2.0/../../../../riscv-none-embed/lib/rv32imacxw/ilp32\libnosys.a
END GROUP
START GROUP
LOAD c:/wch-riscv/toolchain-riscv/bin/../lib/gcc/riscv-none-embed/8.2.0/rv32imacxw/ilp32\libgcc.a
LOAD c:/wch-riscv/toolchain-riscv/bin/../lib/gcc/riscv-none-embed/8.2.0/../../../../riscv-none-embed/lib/rv32imacxw/ilp32\libc_nano.a
LOAD c:/wch-riscv/toolchain-riscv/bin/../lib/gcc/riscv-none-embed/8.2.0/../../../../riscv-none-embed/lib/rv32imacxw/ilp32\libnosys.a
END GROUP
                0x0000000000000800                __stack_size = 0x800
                [!provide]                        PROVIDE (_stack_size = __stack_size)

.init           0x0000000000000000        0x4
                0x0000000000000000                _sinit = .
                0x0000000000000000                . = ALIGN (0x4)
 *(SORT_NONE(.init))
 .init          0x0000000000000000        0x4 C:\Users\M\AppData\Local\Temp\cciLOSBI.o
                0x0000000000000000                _start
                0x0000000000000004                . = ALIGN (0x4)
                0x0000000000000004                _einit = .

.vector         0x0000000000000004       0xfc
 *(.vector)
 .vector        0x0000000000000004       0xfc C:\Users\M\AppData\Local\Temp\cciLOSBI.o
                0x0000000000000100                . = ALIGN (0x40)

.text           0x0000000000000100     0x178c
                0x0000000000000100                . = ALIGN (0x4)
 *(.text)
 .text          0x0000000000000100       0x60 c:/wch-riscv/toolchain-riscv/bin/../lib/gcc/riscv-none-embed/8.2.0/rv32imacxw/ilp32\libgcc.a(save-restore.o)
                0x0000000000000100                __riscv_save_12
                0x0000000000000108                __riscv_save_9
                0x0000000000000108                __riscv_save_11
                0x0000000000000108                __riscv_save_10
                0x0000000000000108                __riscv_save_8
                0x0000000000000116                __riscv_save_4
                0x0000000000000116                __riscv_save_6
                0x0000000000000116                __riscv_save_5
                0x0000000000000116                __riscv_save_7
                0x0000000000000130                __riscv_save_3
                0x0000000000000130                __riscv_save_2
                0x0000000000000130                __riscv_save_1
                0x0000000000000130                __riscv_save_0
                0x000000000000013c                __riscv_restore_12
                0x0000000000000140                __riscv_restore_11
                0x0000000000000140                __riscv_restore_9
                0x0000000000000140                __riscv_restore_10
                0x0000000000000140                __riscv_restore_8
                0x000000000000014a                __riscv_restore_5
                0x000000000000014a                __riscv_restore_7
                0x000000000000014a                __riscv_restore_6
                0x000000000000014a                __riscv_restore_4
                0x0000000000000154                __riscv_restore_3
                0x0000000000000154                __riscv_restore_0
                0x0000000000000154                __riscv_restore_2
                0x0000000000000154                __riscv_restore_1
 .text          0x0000000000000160       0xa8 c:/wch-riscv/toolchain-riscv/bin/../lib/gcc/riscv-none-embed/8.2.0/../../../../riscv-none-embed/lib/rv32imacxw/ilp32\libg_nano.a(lib_a-memset.o)
                0x0000000000000160                memset
 *(.text.*)
 .text.GPIO_Configuration
                0x0000000000000208       0x24 build/core/src/main.o
                0x0000000000000208                GPIO_Configuration
 .text.startup.main
                0x000000000000022c       0x54 build/core/src/main.o
                0x000000000000022c                main
 .text.GPIO_Init
                0x0000000000000280       0xf2 build/lib/src/ch32v20x_gpio.o
                0x0000000000000280                GPIO_Init
 .text.GPIO_WriteBit
                0x0000000000000372       0x1a build/lib/src/ch32v20x_gpio.o
                0x0000000000000372                GPIO_WriteBit
 .text.Delay_Init
                0x000000000000038c       0x26 build/lib/src/debug.o
                0x000000000000038c                Delay_Init
 .text.Delay_Ms
                0x00000000000003b2       0x36 build/lib/src/debug.o
                0x00000000000003b2                Delay_Ms
 .text.SDI_Printf_Enable
                0x00000000000003e8       0x14 build/lib/src/debug.o
                0x00000000000003e8                SDI_Printf_Enable
 .text._write   0x00000000000003fc       0x80 build/lib/src/debug.o
                0x00000000000003fc                _write
 .text._sbrk    0x000000000000047c       0x26 build/lib/src/debug.o
                0x000000000000047c                _sbrk
 .text.SystemInit
                0x00000000000004a2       0xea build/lib/src/system_ch32v20x.o
                0x00000000000004a2                SystemInit
 .text.vector_handler
                0x000000000000058c        0x2 C:\Users\M\AppData\Local\Temp\cciLOSBI.o
                0x000000000000058c                EXTI2_IRQHandler
                0x000000000000058c                TIM1_CC_IRQHandler
                0x000000000000058c                HardFault_Handler
                0x000000000000058c                SysTick_Handler
                0x000000000000058c                PVD_IRQHandler
                0x000000000000058c                NMI_Handler
                0x000000000000058c                EXTI3_IRQHandler
                0x000000000000058c                USBFS_IRQHandler
                0x000000000000058c                EXTI0_IRQHandler
                0x000000000000058c                I2C2_EV_IRQHandler
                0x000000000000058c                ADC1_2_IRQHandler
                0x000000000000058c                Break_Point_Handler
                0x000000000000058c                SPI1_IRQHandler
                0x000000000000058c                TAMPER_IRQHandler
                0x000000000000058c                Ecall_M_Mode_Handler
                0x000000000000058c                DMA1_Channel4_IRQHandler
                0x000000000000058c                USART3_IRQHandler
                0x000000000000058c                RTC_IRQHandler
                0x000000000000058c                DMA1_Channel7_IRQHandler
                0x000000000000058c                CAN1_RX1_IRQHandler
                0x000000000000058c                TIM4_IRQHandler
                0x000000000000058c                I2C1_EV_IRQHandler
                0x000000000000058c                DMA1_Channel6_IRQHandler
                0x000000000000058c                UART4_IRQHandler
                0x000000000000058c                TIM3_IRQHandler
                0x000000000000058c                RCC_IRQHandler
                0x000000000000058c                TIM1_TRG_COM_IRQHandler
                0x000000000000058c                DMA1_Channel1_IRQHandler
                0x000000000000058c                EXTI15_10_IRQHandler
                0x000000000000058c                DMA1_Channel8_IRQHandler
                0x000000000000058c                EXTI9_5_IRQHandler
                0x000000000000058c                SPI2_IRQHandler
                0x000000000000058c                DMA1_Channel5_IRQHandler
                0x000000000000058c                EXTI4_IRQHandler
                0x000000000000058c                USB_LP_CAN1_RX0_IRQHandler
                0x000000000000058c                USB_HP_CAN1_TX_IRQHandler
                0x000000000000058c                DMA1_Channel3_IRQHandler
                0x000000000000058c                TIM1_UP_IRQHandler
                0x000000000000058c                WWDG_IRQHandler
                0x000000000000058c                Ecall_U_Mode_Handler
                0x000000000000058c                TIM2_IRQHandler
                0x000000000000058c                SW_Handler
                0x000000000000058c                TIM1_BRK_IRQHandler
                0x000000000000058c                EXTI1_IRQHandler
                0x000000000000058c                RTCAlarm_IRQHandler
                0x000000000000058c                USART2_IRQHandler
                0x000000000000058c                I2C2_ER_IRQHandler
                0x000000000000058c                DMA1_Channel2_IRQHandler
                0x000000000000058c                CAN1_SCE_IRQHandler
                0x000000000000058c                FLASH_IRQHandler
                0x000000000000058c                USBFSWakeUp_IRQHandler
                0x000000000000058c                USART1_IRQHandler
                0x000000000000058c                I2C1_ER_IRQHandler
                0x000000000000058c                USBWakeUp_IRQHandler
 .text.handle_reset
                0x000000000000058e       0x86 C:\Users\M\AppData\Local\Temp\cciLOSBI.o
                0x000000000000058e                handle_reset
 .text.printf   0x0000000000000614       0x40 c:/wch-riscv/toolchain-riscv/bin/../lib/gcc/riscv-none-embed/8.2.0/../../../../riscv-none-embed/lib/rv32imacxw/ilp32\libg_nano.a(lib_a-printf.o)
                0x0000000000000614                iprintf
                0x0000000000000614                printf
 .text._puts_r  0x0000000000000654       0xd4 c:/wch-riscv/toolchain-riscv/bin/../lib/gcc/riscv-none-embed/8.2.0/../../../../riscv-none-embed/lib/rv32imacxw/ilp32\libg_nano.a(lib_a-puts.o)
                0x0000000000000654                _puts_r
 .text.puts     0x0000000000000728        0xa c:/wch-riscv/toolchain-riscv/bin/../lib/gcc/riscv-none-embed/8.2.0/../../../../riscv-none-embed/lib/rv32imacxw/ilp32\libg_nano.a(lib_a-puts.o)
                0x0000000000000728                puts
 .text.__swbuf_r
                0x0000000000000732       0xbc c:/wch-riscv/toolchain-riscv/bin/../lib/gcc/riscv-none-embed/8.2.0/../../../../riscv-none-embed/lib/rv32imacxw/ilp32\libg_nano.a(lib_a-wbuf.o)
                0x0000000000000732                __swbuf_r
 .text.__swsetup_r
                0x00000000000007ee       0xfc c:/wch-riscv/toolchain-riscv/bin/../lib/gcc/riscv-none-embed/8.2.0/../../../../riscv-none-embed/lib/rv32imacxw/ilp32\libg_nano.a(lib_a-wsetup.o)
                0x00000000000007ee                __swsetup_r
 .text.__sflush_r
                0x00000000000008ea      0x130 c:/wch-riscv/toolchain-riscv/bin/../lib/gcc/riscv-none-embed/8.2.0/../../../../riscv-none-embed/lib/rv32imacxw/ilp32\libg_nano.a(lib_a-fflush.o)
                0x00000000000008ea                __sflush_r
 .text._fflush_r
                0x0000000000000a1a       0x64 c:/wch-riscv/toolchain-riscv/bin/../lib/gcc/riscv-none-embed/8.2.0/../../../../riscv-none-embed/lib/rv32imacxw/ilp32\libg_nano.a(lib_a-fflush.o)
                0x0000000000000a1a                _fflush_r
 .text.std      0x0000000000000a7e       0x66 c:/wch-riscv/toolchain-riscv/bin/../lib/gcc/riscv-none-embed/8.2.0/../../../../riscv-none-embed/lib/rv32imacxw/ilp32\libg_nano.a(lib_a-findfp.o)
 .text._cleanup_r
                0x0000000000000ae4        0xa c:/wch-riscv/toolchain-riscv/bin/../lib/gcc/riscv-none-embed/8.2.0/../../../../riscv-none-embed/lib/rv32imacxw/ilp32\libg_nano.a(lib_a-findfp.o)
                0x0000000000000ae4                _cleanup_r
 .text.__sfmoreglue
                0x0000000000000aee       0x46 c:/wch-riscv/toolchain-riscv/bin/../lib/gcc/riscv-none-embed/8.2.0/../../../../riscv-none-embed/lib/rv32imacxw/ilp32\libg_nano.a(lib_a-findfp.o)
                0x0000000000000aee                __sfmoreglue
 .text.__sinit  0x0000000000000b34       0x66 c:/wch-riscv/toolchain-riscv/bin/../lib/gcc/riscv-none-embed/8.2.0/../../../../riscv-none-embed/lib/rv32imacxw/ilp32\libg_nano.a(lib_a-findfp.o)
                0x0000000000000b34                __sinit
 .text.__sfp    0x0000000000000b9a       0x9c c:/wch-riscv/toolchain-riscv/bin/../lib/gcc/riscv-none-embed/8.2.0/../../../../riscv-none-embed/lib/rv32imacxw/ilp32\libg_nano.a(lib_a-findfp.o)
                0x0000000000000b9a                __sfp
 .text._fwalk_reent
                0x0000000000000c36       0x6a c:/wch-riscv/toolchain-riscv/bin/../lib/gcc/riscv-none-embed/8.2.0/../../../../riscv-none-embed/lib/rv32imacxw/ilp32\libg_nano.a(lib_a-fwalk.o)
                0x0000000000000c36                _fwalk_reent
 .text.__swhatbuf_r
                0x0000000000000ca0       0x58 c:/wch-riscv/toolchain-riscv/bin/../lib/gcc/riscv-none-embed/8.2.0/../../../../riscv-none-embed/lib/rv32imacxw/ilp32\libg_nano.a(lib_a-makebuf.o)
                0x0000000000000ca0                __swhatbuf_r
 .text.__smakebuf_r
                0x0000000000000cf8       0x90 c:/wch-riscv/toolchain-riscv/bin/../lib/gcc/riscv-none-embed/8.2.0/../../../../riscv-none-embed/lib/rv32imacxw/ilp32\libg_nano.a(lib_a-makebuf.o)
                0x0000000000000cf8                __smakebuf_r
 .text._free_r  0x0000000000000d88       0xa8 c:/wch-riscv/toolchain-riscv/bin/../lib/gcc/riscv-none-embed/8.2.0/../../../../riscv-none-embed/lib/rv32imacxw/ilp32\libg_nano.a(lib_a-nano-freer.o)
                0x0000000000000d88                _free_r
 .text._malloc_r
                0x0000000000000e30       0xd4 c:/wch-riscv/toolchain-riscv/bin/../lib/gcc/riscv-none-embed/8.2.0/../../../../riscv-none-embed/lib/rv32imacxw/ilp32\libg_nano.a(lib_a-nano-mallocr.o)
                0x0000000000000e30                _malloc_r
 .text.__sfputc_r
                0x0000000000000f04       0x28 c:/wch-riscv/toolchain-riscv/bin/../lib/gcc/riscv-none-embed/8.2.0/../../../../riscv-none-embed/lib/rv32imacxw/ilp32\libg_nano.a(lib_a-nano-vfprintf.o)
 .text.__sfputs_r
                0x0000000000000f2c       0x40 c:/wch-riscv/toolchain-riscv/bin/../lib/gcc/riscv-none-embed/8.2.0/../../../../riscv-none-embed/lib/rv32imacxw/ilp32\libg_nano.a(lib_a-nano-vfprintf.o)
                0x0000000000000f2c                __sfputs_r
 .text._vfprintf_r
                0x0000000000000f6c      0x284 c:/wch-riscv/toolchain-riscv/bin/../lib/gcc/riscv-none-embed/8.2.0/../../../../riscv-none-embed/lib/rv32imacxw/ilp32\libg_nano.a(lib_a-nano-vfprintf.o)
                0x0000000000000f6c                _vfprintf_r
                0x0000000000000f6c                _vfiprintf_r
 .text._printf_common
                0x00000000000011f0      0x10c c:/wch-riscv/toolchain-riscv/bin/../lib/gcc/riscv-none-embed/8.2.0/../../../../riscv-none-embed/lib/rv32imacxw/ilp32\libg_nano.a(lib_a-nano-vfprintf_i.o)
                0x00000000000011f0                _printf_common
 .text._printf_i
                0x00000000000012fc      0x2a0 c:/wch-riscv/toolchain-riscv/bin/../lib/gcc/riscv-none-embed/8.2.0/../../../../riscv-none-embed/lib/rv32imacxw/ilp32\libg_nano.a(lib_a-nano-vfprintf_i.o)
                0x00000000000012fc                _printf_i
 .text._sbrk_r  0x000000000000159c       0x2a c:/wch-riscv/toolchain-riscv/bin/../lib/gcc/riscv-none-embed/8.2.0/../../../../riscv-none-embed/lib/rv32imacxw/ilp32\libg_nano.a(lib_a-sbrkr.o)
                0x000000000000159c                _sbrk_r
 .text.__sread  0x00000000000015c6       0x2c c:/wch-riscv/toolchain-riscv/bin/../lib/gcc/riscv-none-embed/8.2.0/../../../../riscv-none-embed/lib/rv32imacxw/ilp32\libg_nano.a(lib_a-stdio.o)
                0x00000000000015c6                __sread
 .text.__swrite
                0x00000000000015f2       0x48 c:/wch-riscv/toolchain-riscv/bin/../lib/gcc/riscv-none-embed/8.2.0/../../../../riscv-none-embed/lib/rv32imacxw/ilp32\libg_nano.a(lib_a-stdio.o)
                0x00000000000015f2                __swrite
 .text.__sseek  0x000000000000163a       0x30 c:/wch-riscv/toolchain-riscv/bin/../lib/gcc/riscv-none-embed/8.2.0/../../../../riscv-none-embed/lib/rv32imacxw/ilp32\libg_nano.a(lib_a-stdio.o)
                0x000000000000163a                __sseek
 .text.__sclose
                0x000000000000166a        0x6 c:/wch-riscv/toolchain-riscv/bin/../lib/gcc/riscv-none-embed/8.2.0/../../../../riscv-none-embed/lib/rv32imacxw/ilp32\libg_nano.a(lib_a-stdio.o)
                0x000000000000166a                __sclose
 .text._write_r
                0x0000000000001670       0x2e c:/wch-riscv/toolchain-riscv/bin/../lib/gcc/riscv-none-embed/8.2.0/../../../../riscv-none-embed/lib/rv32imacxw/ilp32\libg_nano.a(lib_a-writer.o)
                0x0000000000001670                _write_r
 .text._close_r
                0x000000000000169e       0x28 c:/wch-riscv/toolchain-riscv/bin/../lib/gcc/riscv-none-embed/8.2.0/../../../../riscv-none-embed/lib/rv32imacxw/ilp32\libg_nano.a(lib_a-closer.o)
                0x000000000000169e                _close_r
 .text._fstat_r
                0x00000000000016c6       0x2a c:/wch-riscv/toolchain-riscv/bin/../lib/gcc/riscv-none-embed/8.2.0/../../../../riscv-none-embed/lib/rv32imacxw/ilp32\libg_nano.a(lib_a-fstatr.o)
                0x00000000000016c6                _fstat_r
 .text._isatty_r
                0x00000000000016f0       0x28 c:/wch-riscv/toolchain-riscv/bin/../lib/gcc/riscv-none-embed/8.2.0/../../../../riscv-none-embed/lib/rv32imacxw/ilp32\libg_nano.a(lib_a-isattyr.o)
                0x00000000000016f0                _isatty_r
 .text._lseek_r
                0x0000000000001718       0x2c c:/wch-riscv/toolchain-riscv/bin/../lib/gcc/riscv-none-embed/8.2.0/../../../../riscv-none-embed/lib/rv32imacxw/ilp32\libg_nano.a(lib_a-lseekr.o)
                0x0000000000001718                _lseek_r
 .text.memchr   0x0000000000001744       0x18 c:/wch-riscv/toolchain-riscv/bin/../lib/gcc/riscv-none-embed/8.2.0/../../../../riscv-none-embed/lib/rv32imacxw/ilp32\libg_nano.a(lib_a-memchr.o)
                0x0000000000001744                memchr
 .text.__malloc_lock
                0x000000000000175c        0x2 c:/wch-riscv/toolchain-riscv/bin/../lib/gcc/riscv-none-embed/8.2.0/../../../../riscv-none-embed/lib/rv32imacxw/ilp32\libg_nano.a(lib_a-mlock.o)
                0x000000000000175c                __malloc_lock
 .text.__malloc_unlock
                0x000000000000175e        0x2 c:/wch-riscv/toolchain-riscv/bin/../lib/gcc/riscv-none-embed/8.2.0/../../../../riscv-none-embed/lib/rv32imacxw/ilp32\libg_nano.a(lib_a-mlock.o)
                0x000000000000175e                __malloc_unlock
 .text._read_r  0x0000000000001760       0x2c c:/wch-riscv/toolchain-riscv/bin/../lib/gcc/riscv-none-embed/8.2.0/../../../../riscv-none-embed/lib/rv32imacxw/ilp32\libg_nano.a(lib_a-readr.o)
                0x0000000000001760                _read_r
 .text._close   0x000000000000178c        0xc c:/wch-riscv/toolchain-riscv/bin/../lib/gcc/riscv-none-embed/8.2.0/../../../../riscv-none-embed/lib/rv32imacxw/ilp32\libnosys.a(close.o)
                0x000000000000178c                _close
 .text._fstat   0x0000000000001798        0xc c:/wch-riscv/toolchain-riscv/bin/../lib/gcc/riscv-none-embed/8.2.0/../../../../riscv-none-embed/lib/rv32imacxw/ilp32\libnosys.a(fstat.o)
                0x0000000000001798                _fstat
 .text._isatty  0x00000000000017a4        0xc c:/wch-riscv/toolchain-riscv/bin/../lib/gcc/riscv-none-embed/8.2.0/../../../../riscv-none-embed/lib/rv32imacxw/ilp32\libnosys.a(isatty.o)
                0x00000000000017a4                _isatty
 .text._lseek   0x00000000000017b0        0xc c:/wch-riscv/toolchain-riscv/bin/../lib/gcc/riscv-none-embed/8.2.0/../../../../riscv-none-embed/lib/rv32imacxw/ilp32\libnosys.a(lseek.o)
                0x00000000000017b0                _lseek
 .text._read    0x00000000000017bc        0xc c:/wch-riscv/toolchain-riscv/bin/../lib/gcc/riscv-none-embed/8.2.0/../../../../riscv-none-embed/lib/rv32imacxw/ilp32\libnosys.a(read.o)
                0x00000000000017bc                _read
 *(.rodata)
 *(.rodata*)
 *fill*         0x00000000000017c8        0x0 
 .rodata.main.str1.4
                0x00000000000017c8       0x26 build/core/src/main.o
 *fill*         0x00000000000017ee        0x2 
 .rodata.__sf_fake_stderr
                0x00000000000017f0       0x20 c:/wch-riscv/toolchain-riscv/bin/../lib/gcc/riscv-none-embed/8.2.0/../../../../riscv-none-embed/lib/rv32imacxw/ilp32\libg_nano.a(lib_a-findfp.o)
                0x00000000000017f0                __sf_fake_stderr
 .rodata.__sf_fake_stdin
                0x0000000000001810       0x20 c:/wch-riscv/toolchain-riscv/bin/../lib/gcc/riscv-none-embed/8.2.0/../../../../riscv-none-embed/lib/rv32imacxw/ilp32\libg_nano.a(lib_a-findfp.o)
                0x0000000000001810                __sf_fake_stdin
 .rodata.__sf_fake_stdout
                0x0000000000001830       0x20 c:/wch-riscv/toolchain-riscv/bin/../lib/gcc/riscv-none-embed/8.2.0/../../../../riscv-none-embed/lib/rv32imacxw/ilp32\libg_nano.a(lib_a-findfp.o)
                0x0000000000001830                __sf_fake_stdout
 .rodata._vfprintf_r.str1.4
                0x0000000000001850       0x13 c:/wch-riscv/toolchain-riscv/bin/../lib/gcc/riscv-none-embed/8.2.0/../../../../riscv-none-embed/lib/rv32imacxw/ilp32\libg_nano.a(lib_a-nano-vfprintf.o)
 *fill*         0x0000000000001863        0x1 
 .rodata._printf_i.str1.4
                0x0000000000001864       0x28 c:/wch-riscv/toolchain-riscv/bin/../lib/gcc/riscv-none-embed/8.2.0/../../../../riscv-none-embed/lib/rv32imacxw/ilp32\libg_nano.a(lib_a-nano-vfprintf_i.o)
                                         0x25 (size before relaxing)
 *(.gnu.linkonce.t.*)
                0x000000000000188c                . = ALIGN (0x4)

.rela.dyn       0x000000000000188c        0x0
 .rela.text._sbrk
                0x000000000000188c        0x0 build/core/src/main.o
 .rela.sdata.curbrk.3382
                0x000000000000188c        0x0 build/core/src/main.o
 .rela.init     0x000000000000188c        0x0 build/core/src/main.o
 .rela.vector   0x000000000000188c        0x0 build/core/src/main.o
 .rela.text.handle_reset
                0x000000000000188c        0x0 build/core/src/main.o
 .rela.text._vfprintf_r
                0x000000000000188c        0x0 build/core/src/main.o
 .rela.text._sbrk_r
                0x000000000000188c        0x0 build/core/src/main.o
 .rela.text._write_r
                0x000000000000188c        0x0 build/core/src/main.o
 .rela.text._close_r
                0x000000000000188c        0x0 build/core/src/main.o
 .rela.text._fstat_r
                0x000000000000188c        0x0 build/core/src/main.o
 .rela.text._isatty_r
                0x000000000000188c        0x0 build/core/src/main.o
 .rela.text._lseek_r
                0x000000000000188c        0x0 build/core/src/main.o
 .rela.text._read_r
                0x000000000000188c        0x0 build/core/src/main.o
 .rela.text._close
                0x000000000000188c        0x0 build/core/src/main.o
 .rela.text._fstat
                0x000000000000188c        0x0 build/core/src/main.o
 .rela.text._isatty
                0x000000000000188c        0x0 build/core/src/main.o
 .rela.text._lseek
                0x000000000000188c        0x0 build/core/src/main.o
 .rela.text._read
                0x000000000000188c        0x0 build/core/src/main.o

.fini           0x000000000000188c        0x0
 *(SORT_NONE(.fini))
                0x000000000000188c                . = ALIGN (0x4)
                [!provide]                        PROVIDE (_etext = .)
                [!provide]                        PROVIDE (_eitcm = .)

.preinit_array  0x000000000000188c        0x0
                [!provide]                        PROVIDE (__preinit_array_start = .)
 *(.preinit_array)
                [!provide]                        PROVIDE (__preinit_array_end = .)

.init_array     0x000000000000188c        0x0
                [!provide]                        PROVIDE (__init_array_start = .)
 *(SORT_BY_INIT_PRIORITY(.init_array.*) SORT_BY_INIT_PRIORITY(.ctors.*))
 *(.init_array EXCLUDE_FILE(*crtend?.o *crtend.o *crtbegin?.o *crtbegin.o) .ctors)
                [!provide]                        PROVIDE (__init_array_end = .)

.fini_array     0x000000000000188c        0x0
                [!provide]                        PROVIDE (__fini_array_start = .)
 *(SORT_BY_INIT_PRIORITY(.fini_array.*) SORT_BY_INIT_PRIORITY(.dtors.*))
 *(.fini_array EXCLUDE_FILE(*crtend?.o *crtend.o *crtbegin?.o *crtbegin.o) .dtors)
                [!provide]                        PROVIDE (__fini_array_end = .)

.ctors
 *crtbegin.o(.ctors)
 *crtbegin?.o(.ctors)
 *(EXCLUDE_FILE(*crtend?.o *crtend.o) .ctors)
 *(SORT_BY_NAME(.ctors.*))
 *(.ctors)

.dtors
 *crtbegin.o(.dtors)
 *crtbegin?.o(.dtors)
 *(EXCLUDE_FILE(*crtend?.o *crtend.o) .dtors)
 *(SORT_BY_NAME(.dtors.*))
 *(.dtors)

.dalign         0x0000000020000000        0x0 load address 0x000000000000188c
                0x0000000020000000                . = ALIGN (0x4)
                0x0000000020000000                PROVIDE (_data_vma = .)

.dlalign        0x000000000000188c        0x0
                0x000000000000188c                . = ALIGN (0x4)
                0x000000000000188c                PROVIDE (_data_lma = .)

.data           0x0000000020000000       0x78 load address 0x000000000000188c
 *(.gnu.linkonce.r.*)
 *(.data .data.*)
 .data.impure_data
                0x0000000020000000       0x60 c:/wch-riscv/toolchain-riscv/bin/../lib/gcc/riscv-none-embed/8.2.0/../../../../riscv-none-embed/lib/rv32imacxw/ilp32\libg_nano.a(lib_a-impure.o)
 *(.gnu.linkonce.d.*)
                0x0000000020000060                . = ALIGN (0x8)
                0x0000000020000860                PROVIDE (__global_pointer$ = (. + 0x800))
 *(.sdata .sdata.*)
 .sdata.aa      0x0000000020000060        0x4 build/core/src/main.o
                0x0000000020000060                aa
 .sdata.curbrk.3382
                0x0000000020000064        0x4 build/lib/src/debug.o
 .sdata.SystemCoreClock
                0x0000000020000068        0x4 build/lib/src/system_ch32v20x.o
                0x0000000020000068                SystemCoreClock
 .sdata._impure_ptr
                0x000000002000006c        0x4 c:/wch-riscv/toolchain-riscv/bin/../lib/gcc/riscv-none-embed/8.2.0/../../../../riscv-none-embed/lib/rv32imacxw/ilp32\libg_nano.a(lib_a-impure.o)
                0x000000002000006c                _impure_ptr
 *(.sdata2.*)
 .sdata2._global_impure_ptr
                0x0000000020000070        0x4 c:/wch-riscv/toolchain-riscv/bin/../lib/gcc/riscv-none-embed/8.2.0/../../../../riscv-none-embed/lib/rv32imacxw/ilp32\libg_nano.a(lib_a-impure.o)
                0x0000000020000070                _global_impure_ptr
 *(.gnu.linkonce.s.*)
                0x0000000020000078                . = ALIGN (0x8)
 *fill*         0x0000000020000074        0x4 
 *(.srodata.cst16)
 *(.srodata.cst8)
 *(.srodata.cst4)
 *(.srodata.cst2)
 *(.srodata .srodata.*)
                0x0000000020000078                . = ALIGN (0x4)
                0x0000000020000078                PROVIDE (_edata = .)

.bss            0x0000000020000078       0x14 load address 0x0000000000001904
                0x0000000020000078                . = ALIGN (0x4)
                0x0000000020000078                PROVIDE (_sbss = .)
 *(.sbss*)
 .sbss.MCU_Version
                0x0000000020000078        0x1 build/lib/src/ch32v20x_gpio.o
                0x0000000020000078                MCU_Version
 *fill*         0x0000000020000079        0x1 
 .sbss.p_ms     0x000000002000007a        0x2 build/lib/src/debug.o
 .sbss.p_us     0x000000002000007c        0x1 build/lib/src/debug.o
 *fill*         0x000000002000007d        0x3 
 .sbss.__malloc_free_list
                0x0000000020000080        0x4 c:/wch-riscv/toolchain-riscv/bin/../lib/gcc/riscv-none-embed/8.2.0/../../../../riscv-none-embed/lib/rv32imacxw/ilp32\libg_nano.a(lib_a-nano-mallocr.o)
                0x0000000020000080                __malloc_free_list
 .sbss.__malloc_sbrk_start
                0x0000000020000084        0x4 c:/wch-riscv/toolchain-riscv/bin/../lib/gcc/riscv-none-embed/8.2.0/../../../../riscv-none-embed/lib/rv32imacxw/ilp32\libg_nano.a(lib_a-nano-mallocr.o)
                0x0000000020000084                __malloc_sbrk_start
 *(.gnu.linkonce.sb.*)
 *(.bss*)
 *(.gnu.linkonce.b.*)
 *(COMMON*)
 COMMON         0x0000000020000088        0x4 c:/wch-riscv/toolchain-riscv/bin/../lib/gcc/riscv-none-embed/8.2.0/../../../../riscv-none-embed/lib/rv32imacxw/ilp32\libg_nano.a(lib_a-reent.o)
                0x0000000020000088                errno
                0x000000002000008c                . = ALIGN (0x4)
                0x000000002000008c                PROVIDE (_ebss = .)
                0x000000002000008c                PROVIDE (_end = _ebss)
                [!provide]                        PROVIDE (end = .)

.stack          0x0000000020002000      0x800
                0x0000000020002000                PROVIDE (_heap_end = .)
                0x0000000020002000                . = ALIGN (0x4)
                [!provide]                        PROVIDE (_susrstack = .)
                0x0000000020002800                . = (. + __stack_size)
 *fill*         0x0000000020002000      0x800 
                0x0000000020002800                PROVIDE (_eusrstack = .)
OUTPUT(build/output/main.elf elf32-littleriscv)

.debug_info     0x0000000000000000     0x2504
 .debug_info    0x0000000000000000      0xbf3 build/core/src/main.o
 .debug_info    0x0000000000000bf3      0xaa6 build/lib/src/ch32v20x_gpio.o
 .debug_info    0x0000000000001699      0xb6e build/lib/src/debug.o
 .debug_info    0x0000000000002207      0x2db build/lib/src/system_ch32v20x.o
 .debug_info    0x00000000000024e2       0x22 C:\Users\M\AppData\Local\Temp\cciLOSBI.o

.debug_abbrev   0x0000000000000000      0x8c5
 .debug_abbrev  0x0000000000000000      0x258 build/core/src/main.o
 .debug_abbrev  0x0000000000000258      0x24c build/lib/src/ch32v20x_gpio.o
 .debug_abbrev  0x00000000000004a4      0x270 build/lib/src/debug.o
 .debug_abbrev  0x0000000000000714      0x19f build/lib/src/system_ch32v20x.o
 .debug_abbrev  0x00000000000008b3       0x12 C:\Users\M\AppData\Local\Temp\cciLOSBI.o

.debug_aranges  0x0000000000000000      0x178
 .debug_aranges
                0x0000000000000000       0x28 build/core/src/main.o
 .debug_aranges
                0x0000000000000028       0xb0 build/lib/src/ch32v20x_gpio.o
 .debug_aranges
                0x00000000000000d8       0x48 build/lib/src/debug.o
 .debug_aranges
                0x0000000000000120       0x28 build/lib/src/system_ch32v20x.o
 .debug_aranges
                0x0000000000000148       0x30 C:\Users\M\AppData\Local\Temp\cciLOSBI.o

.debug_ranges   0x0000000000000000      0x150
 .debug_ranges  0x0000000000000000       0x18 build/core/src/main.o
 .debug_ranges  0x0000000000000018       0xa0 build/lib/src/ch32v20x_gpio.o
 .debug_ranges  0x00000000000000b8       0x38 build/lib/src/debug.o
 .debug_ranges  0x00000000000000f0       0x38 build/lib/src/system_ch32v20x.o
 .debug_ranges  0x0000000000000128       0x28 C:\Users\M\AppData\Local\Temp\cciLOSBI.o

.debug_line     0x0000000000000000     0x2345
 .debug_line    0x0000000000000000      0x30f build/core/src/main.o
 .debug_line    0x000000000000030f     0x1484 build/lib/src/ch32v20x_gpio.o
 .debug_line    0x0000000000001793      0x563 build/lib/src/debug.o
 .debug_line    0x0000000000001cf6      0x530 build/lib/src/system_ch32v20x.o
 .debug_line    0x0000000000002226      0x11f C:\Users\M\AppData\Local\Temp\cciLOSBI.o

.debug_str      0x0000000000000000      0xb61
 .debug_str     0x0000000000000000      0x6fd build/core/src/main.o
                                        0x785 (size before relaxing)
 .debug_str     0x00000000000006fd      0x2b5 build/lib/src/ch32v20x_gpio.o
                                        0x5a3 (size before relaxing)
 .debug_str     0x00000000000009b2       0x76 build/lib/src/debug.o
                                        0x678 (size before relaxing)
 .debug_str     0x0000000000000a28      0x10e build/lib/src/system_ch32v20x.o
                                        0x2bd (size before relaxing)
 .debug_str     0x0000000000000b36       0x2b C:\Users\M\AppData\Local\Temp\cciLOSBI.o
                                         0x4d (size before relaxing)

.comment        0x0000000000000000       0x33
 .comment       0x0000000000000000       0x33 build/core/src/main.o
                                         0x34 (size before relaxing)
 .comment       0x0000000000000033       0x34 build/lib/src/ch32v20x_gpio.o
 .comment       0x0000000000000033       0x34 build/lib/src/debug.o
 .comment       0x0000000000000033       0x34 build/lib/src/system_ch32v20x.o

.debug_frame    0x0000000000000000      0xb8c
 .debug_frame   0x0000000000000000       0x50 build/core/src/main.o
 .debug_frame   0x0000000000000050      0x170 build/lib/src/ch32v20x_gpio.o
 .debug_frame   0x00000000000001c0       0x7c build/lib/src/debug.o
 .debug_frame   0x000000000000023c       0x3c build/lib/src/system_ch32v20x.o
 .debug_frame   0x0000000000000278       0x54 c:/wch-riscv/toolchain-riscv/bin/../lib/gcc/riscv-none-embed/8.2.0/../../../../riscv-none-embed/lib/rv32imacxw/ilp32\libg_nano.a(lib_a-printf.o)
 .debug_frame   0x00000000000002cc       0x54 c:/wch-riscv/toolchain-riscv/bin/../lib/gcc/riscv-none-embed/8.2.0/../../../../riscv-none-embed/lib/rv32imacxw/ilp32\libg_nano.a(lib_a-puts.o)
 .debug_frame   0x0000000000000320       0x50 c:/wch-riscv/toolchain-riscv/bin/../lib/gcc/riscv-none-embed/8.2.0/../../../../riscv-none-embed/lib/rv32imacxw/ilp32\libg_nano.a(lib_a-wbuf.o)
 .debug_frame   0x0000000000000370       0x3c c:/wch-riscv/toolchain-riscv/bin/../lib/gcc/riscv-none-embed/8.2.0/../../../../riscv-none-embed/lib/rv32imacxw/ilp32\libg_nano.a(lib_a-wsetup.o)
 .debug_frame   0x00000000000003ac       0x7c c:/wch-riscv/toolchain-riscv/bin/../lib/gcc/riscv-none-embed/8.2.0/../../../../riscv-none-embed/lib/rv32imacxw/ilp32\libg_nano.a(lib_a-fflush.o)
 .debug_frame   0x0000000000000428      0x148 c:/wch-riscv/toolchain-riscv/bin/../lib/gcc/riscv-none-embed/8.2.0/../../../../riscv-none-embed/lib/rv32imacxw/ilp32\libg_nano.a(lib_a-findfp.o)
 .debug_frame   0x0000000000000570       0x88 c:/wch-riscv/toolchain-riscv/bin/../lib/gcc/riscv-none-embed/8.2.0/../../../../riscv-none-embed/lib/rv32imacxw/ilp32\libg_nano.a(lib_a-fwalk.o)
 .debug_frame   0x00000000000005f8       0x64 c:/wch-riscv/toolchain-riscv/bin/../lib/gcc/riscv-none-embed/8.2.0/../../../../riscv-none-embed/lib/rv32imacxw/ilp32\libg_nano.a(lib_a-makebuf.o)
 .debug_frame   0x000000000000065c       0x40 c:/wch-riscv/toolchain-riscv/bin/../lib/gcc/riscv-none-embed/8.2.0/../../../../riscv-none-embed/lib/rv32imacxw/ilp32\libg_nano.a(lib_a-nano-freer.o)
 .debug_frame   0x000000000000069c       0x40 c:/wch-riscv/toolchain-riscv/bin/../lib/gcc/riscv-none-embed/8.2.0/../../../../riscv-none-embed/lib/rv32imacxw/ilp32\libg_nano.a(lib_a-nano-mallocr.o)
 .debug_frame   0x00000000000006dc       0xd0 c:/wch-riscv/toolchain-riscv/bin/../lib/gcc/riscv-none-embed/8.2.0/../../../../riscv-none-embed/lib/rv32imacxw/ilp32\libg_nano.a(lib_a-nano-vfprintf.o)
 .debug_frame   0x00000000000007ac       0x8c c:/wch-riscv/toolchain-riscv/bin/../lib/gcc/riscv-none-embed/8.2.0/../../../../riscv-none-embed/lib/rv32imacxw/ilp32\libg_nano.a(lib_a-nano-vfprintf_i.o)
 .debug_frame   0x0000000000000838       0x30 c:/wch-riscv/toolchain-riscv/bin/../lib/gcc/riscv-none-embed/8.2.0/../../../../riscv-none-embed/lib/rv32imacxw/ilp32\libg_nano.a(lib_a-sbrkr.o)
 .debug_frame   0x0000000000000868       0xa4 c:/wch-riscv/toolchain-riscv/bin/../lib/gcc/riscv-none-embed/8.2.0/../../../../riscv-none-embed/lib/rv32imacxw/ilp32\libg_nano.a(lib_a-stdio.o)
 .debug_frame   0x000000000000090c       0x30 c:/wch-riscv/toolchain-riscv/bin/../lib/gcc/riscv-none-embed/8.2.0/../../../../riscv-none-embed/lib/rv32imacxw/ilp32\libg_nano.a(lib_a-writer.o)
 .debug_frame   0x000000000000093c       0x30 c:/wch-riscv/toolchain-riscv/bin/../lib/gcc/riscv-none-embed/8.2.0/../../../../riscv-none-embed/lib/rv32imacxw/ilp32\libg_nano.a(lib_a-closer.o)
 .debug_frame   0x000000000000096c       0x30 c:/wch-riscv/toolchain-riscv/bin/../lib/gcc/riscv-none-embed/8.2.0/../../../../riscv-none-embed/lib/rv32imacxw/ilp32\libg_nano.a(lib_a-fstatr.o)
 .debug_frame   0x000000000000099c       0x30 c:/wch-riscv/toolchain-riscv/bin/../lib/gcc/riscv-none-embed/8.2.0/../../../../riscv-none-embed/lib/rv32imacxw/ilp32\libg_nano.a(lib_a-isattyr.o)
 .debug_frame   0x00000000000009cc       0x30 c:/wch-riscv/toolchain-riscv/bin/../lib/gcc/riscv-none-embed/8.2.0/../../../../riscv-none-embed/lib/rv32imacxw/ilp32\libg_nano.a(lib_a-lseekr.o)
 .debug_frame   0x00000000000009fc       0x20 c:/wch-riscv/toolchain-riscv/bin/../lib/gcc/riscv-none-embed/8.2.0/../../../../riscv-none-embed/lib/rv32imacxw/ilp32\libg_nano.a(lib_a-memchr.o)
 .debug_frame   0x0000000000000a1c       0x30 c:/wch-riscv/toolchain-riscv/bin/../lib/gcc/riscv-none-embed/8.2.0/../../../../riscv-none-embed/lib/rv32imacxw/ilp32\libg_nano.a(lib_a-mlock.o)
 .debug_frame   0x0000000000000a4c       0x30 c:/wch-riscv/toolchain-riscv/bin/../lib/gcc/riscv-none-embed/8.2.0/../../../../riscv-none-embed/lib/rv32imacxw/ilp32\libg_nano.a(lib_a-readr.o)
 .debug_frame   0x0000000000000a7c       0x70 c:/wch-riscv/toolchain-riscv/bin/../lib/gcc/riscv-none-embed/8.2.0/../../../../riscv-none-embed/lib/rv32imacxw/ilp32\libg_nano.a(lib_a-reent.o)
 .debug_frame   0x0000000000000aec       0x20 c:/wch-riscv/toolchain-riscv/bin/../lib/gcc/riscv-none-embed/8.2.0/../../../../riscv-none-embed/lib/rv32imacxw/ilp32\libnosys.a(close.o)
 .debug_frame   0x0000000000000b0c       0x20 c:/wch-riscv/toolchain-riscv/bin/../lib/gcc/riscv-none-embed/8.2.0/../../../../riscv-none-embed/lib/rv32imacxw/ilp32\libnosys.a(fstat.o)
 .debug_frame   0x0000000000000b2c       0x20 c:/wch-riscv/toolchain-riscv/bin/../lib/gcc/riscv-none-embed/8.2.0/../../../../riscv-none-embed/lib/rv32imacxw/ilp32\libnosys.a(isatty.o)
 .debug_frame   0x0000000000000b4c       0x20 c:/wch-riscv/toolchain-riscv/bin/../lib/gcc/riscv-none-embed/8.2.0/../../../../riscv-none-embed/lib/rv32imacxw/ilp32\libnosys.a(lseek.o)
 .debug_frame   0x0000000000000b6c       0x20 c:/wch-riscv/toolchain-riscv/bin/../lib/gcc/riscv-none-embed/8.2.0/../../../../riscv-none-embed/lib/rv32imacxw/ilp32\libnosys.a(read.o)

.debug_loc      0x0000000000000000      0xa92
 .debug_loc     0x0000000000000000      0x8a1 build/lib/src/ch32v20x_gpio.o
 .debug_loc     0x00000000000008a1      0x145 build/lib/src/debug.o
 .debug_loc     0x00000000000009e6       0xac build/lib/src/system_ch32v20x.o

.stab           0x0000000000000000       0x84
 .stab          0x0000000000000000       0x24 c:/wch-riscv/toolchain-riscv/bin/../lib/gcc/riscv-none-embed/8.2.0/../../../../riscv-none-embed/lib/rv32imacxw/ilp32\libnosys.a(close.o)
 .stab          0x0000000000000024       0x18 c:/wch-riscv/toolchain-riscv/bin/../lib/gcc/riscv-none-embed/8.2.0/../../../../riscv-none-embed/lib/rv32imacxw/ilp32\libnosys.a(fstat.o)
                                         0x24 (size before relaxing)
 .stab          0x000000000000003c       0x18 c:/wch-riscv/toolchain-riscv/bin/../lib/gcc/riscv-none-embed/8.2.0/../../../../riscv-none-embed/lib/rv32imacxw/ilp32\libnosys.a(isatty.o)
                                         0x24 (size before relaxing)
 .stab          0x0000000000000054       0x18 c:/wch-riscv/toolchain-riscv/bin/../lib/gcc/riscv-none-embed/8.2.0/../../../../riscv-none-embed/lib/rv32imacxw/ilp32\libnosys.a(lseek.o)
                                         0x24 (size before relaxing)
 .stab          0x000000000000006c       0x18 c:/wch-riscv/toolchain-riscv/bin/../lib/gcc/riscv-none-embed/8.2.0/../../../../riscv-none-embed/lib/rv32imacxw/ilp32\libnosys.a(read.o)
                                         0x24 (size before relaxing)

.stabstr        0x0000000000000000      0x117
 .stabstr       0x0000000000000000      0x117 c:/wch-riscv/toolchain-riscv/bin/../lib/gcc/riscv-none-embed/8.2.0/../../../../riscv-none-embed/lib/rv32imacxw/ilp32\libnosys.a(close.o)
